[debug] [2025-10-01T17:58:27.815Z] ----------------------------------------------------------------------
[debug] [2025-10-01T17:58:27.830Z] Command:       C:\Program Files\nodejs\node.exe C:\Users\kando\AppData\Roaming\npm\node_modules\firebase-tools\lib\bin\firebase.js deploy --only hosting
[debug] [2025-10-01T17:58:27.830Z] CLI Version:   14.17.0
[debug] [2025-10-01T17:58:27.830Z] Platform:      win32
[debug] [2025-10-01T17:58:27.830Z] Node Version:  v22.19.0
[debug] [2025-10-01T17:58:27.831Z] Time:          Wed Oct 01 2025 19:58:27 GMT+0200 (hora de verano de Europa central)
[debug] [2025-10-01T17:58:27.831Z] ----------------------------------------------------------------------
[debug] 
[debug] [2025-10-01T17:58:28.051Z] > command requires scopes: ["email","openid","https://www.googleapis.com/auth/cloudplatformprojects.readonly","https://www.googleapis.com/auth/firebase","https://www.googleapis.com/auth/cloud-platform"]
[debug] [2025-10-01T17:58:28.051Z] > authorizing via signed-in user (alejandro.martin.millan@gmail.com)
[debug] [2025-10-01T17:58:28.052Z] [iam] checking project clbsk26 for permissions ["firebase.projects.get","firebasehosting.sites.update"]
[debug] [2025-10-01T17:58:28.053Z] Checked if tokens are valid: true, expires at: 1759344822482
[debug] [2025-10-01T17:58:28.053Z] Checked if tokens are valid: true, expires at: 1759344822482
[debug] [2025-10-01T17:58:28.054Z] >>> [apiv2][query] POST https://cloudresourcemanager.googleapis.com/v1/projects/clbsk26:testIamPermissions [none]
[debug] [2025-10-01T17:58:28.054Z] >>> [apiv2][(partial)header] POST https://cloudresourcemanager.googleapis.com/v1/projects/clbsk26:testIamPermissions x-goog-quota-user=projects/clbsk26
[debug] [2025-10-01T17:58:28.054Z] >>> [apiv2][body] POST https://cloudresourcemanager.googleapis.com/v1/projects/clbsk26:testIamPermissions {"permissions":["firebase.projects.get","firebasehosting.sites.update"]}
[debug] [2025-10-01T17:58:28.421Z] <<< [apiv2][status] POST https://cloudresourcemanager.googleapis.com/v1/projects/clbsk26:testIamPermissions 200
[debug] [2025-10-01T17:58:28.421Z] <<< [apiv2][body] POST https://cloudresourcemanager.googleapis.com/v1/projects/clbsk26:testIamPermissions {"permissions":["firebase.projects.get","firebasehosting.sites.update"]}
[debug] [2025-10-01T17:58:28.422Z] Checked if tokens are valid: true, expires at: 1759344822482
[debug] [2025-10-01T17:58:28.422Z] Checked if tokens are valid: true, expires at: 1759344822482
[debug] [2025-10-01T17:58:28.422Z] >>> [apiv2][query] GET https://firebase.googleapis.com/v1beta1/projects/clbsk26 [none]
[debug] [2025-10-01T17:58:28.749Z] <<< [apiv2][status] GET https://firebase.googleapis.com/v1beta1/projects/clbsk26 200
[debug] [2025-10-01T17:58:28.749Z] <<< [apiv2][body] GET https://firebase.googleapis.com/v1beta1/projects/clbsk26 {"projectId":"clbsk26","projectNumber":"314239716156","displayName":"CLBSK26","name":"projects/clbsk26","resources":{"hostingSite":"clbsk26"},"state":"ACTIVE","etag":"1_434fe8b5-cef2-409d-897c-4145d166bc30"}
[info] 
[info] === Deploying to 'clbsk26'...
[info] 
[info] i  deploying hosting 
[info] Running command: npm --prefix frontend ci
